mode: set
github.com/puptup/test/interface.go:30.41,31.17 1 1
github.com/puptup/test/interface.go:34.2,34.29 1 1
github.com/puptup/test/interface.go:31.17,33.3 1 1
github.com/puptup/test/interface.go:37.46,38.17 1 1
github.com/puptup/test/interface.go:41.2,41.24 1 1
github.com/puptup/test/interface.go:38.17,40.3 1 1
github.com/puptup/test/interface.go:44.41,45.19 1 1
github.com/puptup/test/interface.go:48.2,48.43 1 1
github.com/puptup/test/interface.go:45.19,47.3 1 1
github.com/puptup/test/interface.go:51.46,52.19 1 1
github.com/puptup/test/interface.go:55.2,55.36 1 1
github.com/puptup/test/interface.go:52.19,54.3 1 1
